User1 created a new post: Message queue test
User2 created a new post: Testing Duplicate Events
User99 created a new post: Testing Duplicate Events
User99 created a new post: Testing Duplicate Events
User99 created a new post: Testing Duplicate Events
User1 created a new post: Backpressure handling test
User1 created a new post: Backpressure handling test
User1 created a new post: Backpressure handling test
User1 created a new post: Backpressure handling test
User1 created a new post: Backpressure handling test
User1 created a new post: Backpressure handling test
User1 created a new post: Backpressure handling test
User99 created a new post: Testing Duplicate Events
User1 created a new post: Backpressure handling test
User1 created a new post: Backpressure handling test
User1 created a new post: Backpressure handling test
User1 created a new post: Backpressure handling test
User1 created a new post: Backpressure handling test
User1 created a new post: Backpressure handling test
User1 created a new post: Backpressure handling test
User1 created a new post: Backpressure handling test
User1 created a new post: Backpressure handling test
User99 created a new post: Testing Duplicate Events
User1 created a new post: Backpressure handling test
User1 created a new post: Backpressure handling test
User1 created a new post: Backpressure handling test
User1 created a new post: Backpressure handling test
User1 created a new post: Backpressure handling test
User1 created a new post: Backpressure handling test
User1 created a new post: Backpressure handling test
User1 created a new post: Backpressure handling test
User1 created a new post: Backpressure handling test
User1 created a new post: Backpressure handling test
User1 created a new post: Backpressure handling test
User1 created a new post: Backpressure handling test
User1 created a new post: Backpressure handling test
User1 created a new post: Backpressure handling test
User1 created a new post: Backpressure handling test
User1 created a new post: Backpressure handling test
User1 created a new post: Backpressure handling test
User1 created a new post: Backpressure handling test
User1 created a new post: Backpressure handling test
User99 created a new post: Testing Duplicate Events
User1 created a new post: Fail Test
User1 created a new post: Fail Test
User1 created a new post: Fail Test
User1 created a new post: Fail Test
User99 created a new post: Testing Duplicate Events
User1 created a new post: Fail Test
User99 created a new post: Testing Duplicate Events
User99 created a new post: Testing Duplicate Events
User99 created a new post: Testing Duplicate Events
User99 created a new post: Testing Duplicate Events
User99 created a new post: Testing Duplicate Events
User99 created a new post: Testing Duplicate Events
User99 created a new post: Testing Duplicate Events
User99 created a new post: Testing Duplicate Events
User99 created a new post: Testing Duplicate Events
User99 created a new post: Testing Duplicate Events
User99 created a new post: Testing Duplicate Events
User99 created a new post: Testing Duplicate Events
User99 created a new post: Testing Duplicate Events
User99 created a new post: Testing Duplicate Events
User1 created a new post: Metric Test
User99 created a new post: Testing Duplicate Events
User99 created a new post: Testing Duplicate Events
User99 created a new post: Testing Duplicate Events
User1 created a new post: Logging Test
User99 created a new post: Testing Duplicate Events
User99 created a new post: Testing Duplicate Events
User1 created a new post: Logging Test
User99 created a new post: Testing Duplicate Events
User7 created a new post: Post from user 7
User8 created a new post: Post from user 8
User9 created a new post: Post from user 9
User99 created a new post: Testing Duplicate Events
User99 created a new post: Testing Duplicate Events
User99 created a new post: Testing Duplicate Events
User99 created a new post: Testing Duplicate Events
User99 created a new post: Testing Duplicate Events
User1 created a new post: Push model working test
User1 created a new post: rate limit test
User1 created a new post: rate limit test
User1 created a new post: rate limit test
User1 created a new post: rate limit test
User1 created a new post: rate limit test
User1 created a new post: FAIL trigger
User1 created a new post: FAIL trigger
User1 created a new post: FAIL trigger
User1 created a new post: FAIL
User1 created a new post: FAIL
User99 created a new post: Testing Duplicate Events
User1 created a new post: FAIL
User1 created a new post: hacker test
User1 created a new post: FAIL
User99 created a new post: Testing Duplicate Events
User1 created a new post: Celebrity hybrid test
User99 created a new post: Testing Duplicate Events
User99 created a new post: Testing Duplicate Events
User1 created a new post: Ranking test
